#-----------------------------------------------------------
# Vivado v2024.1 (64-bit)
# SW Build 5076996 on Wed May 22 18:37:14 MDT 2024
# IP Build 5075265 on Wed May 22 21:45:21 MDT 2024
# SharedData Build 5076995 on Wed May 22 18:29:18 MDT 2024
# Start of session at: Sun Oct  6 19:32:56 2024
# Process ID: 4748
# Current directory: E:/Verilog/Vivado/Counter/Counter.runs/synth_1
# Command line: vivado.exe -log down_up_count_tb.vds -product Vivado -mode batch -messageDb vivado.pb -notrace -source down_up_count_tb.tcl
# Log file: E:/Verilog/Vivado/Counter/Counter.runs/synth_1/down_up_count_tb.vds
# Journal file: E:/Verilog/Vivado/Counter/Counter.runs/synth_1\vivado.jou
# Running On        :Hamim
# Platform          :Windows Server 2016 or Windows 10
# Operating System  :22631
# Processor Detail  :11th Gen Intel(R) Core(TM) i5-11300H @ 3.10GHz
# CPU Frequency     :3110 MHz
# CPU Physical cores:4
# CPU Logical cores :8
# Host memory       :16952 MB
# Swap memory       :2550 MB
# Total Virtual     :19502 MB
# Available Virtual :8074 MB
#-----------------------------------------------------------
source down_up_count_tb.tcl -notrace
